#
# There is insufficient memory for the Java Runtime Environment to continue.
# Native memory allocation (mmap) failed to map 14680064 bytes for G1 virtual space
# Possible reasons:
#   The system is out of physical RAM or swap space
#   The process is running with CompressedOops enabled, and the Java Heap may be blocking the growth of the native heap
# Possible solutions:
#   Reduce memory load on the system
#   Increase physical memory or swap space
#   Check if swap backing store is full
#   Decrease Java heap size (-Xmx/-Xms)
#   Decrease number of Java threads
#   Decrease Java thread stack sizes (-Xss)
#   Set larger code cache with -XX:ReservedCodeCacheSize=
#   JVM is running with Unscaled Compressed Oops mode in which the Java heap is
#     placed in the first 4GB address space. The Java Heap base address is the
#     maximum limit for the native heap growth. Please use -XX:HeapBaseMinAddress
#     to set the Java Heap base and to place the Java Heap above 4GB virtual address.
# This output file may be truncated or incomplete.
#
#  Out of Memory Error (os_windows.cpp:3528), pid=11408, tid=21028
#
# JRE version: Java(TM) SE Runtime Environment (20.0.2+9) (build 20.0.2+9-78)
# Java VM: Java HotSpot(TM) 64-Bit Server VM (20.0.2+9-78, mixed mode, sharing, tiered, compressed oops, compressed class ptrs, g1 gc, windows-amd64)
# No core dump will be written. Minidumps are not enabled by default on client versions of Windows
#

---------------  S U M M A R Y ------------

Command Line: -ea -javaagent:C:\Users\LENOVO\.m2\repository\com\browserstack\browserstack-java-sdk\1.36.3\browserstack-java-sdk-1.36.3.jar -Dfile.encoding=UTF-8 -XX:+ShowCodeDetailsInExceptionMessages org.eclipse.jdt.internal.junit.runner.RemoteTestRunner -version 3 -port 58664 -testLoaderClass org.eclipse.jdt.internal.junit4.runner.JUnit4TestLoader -loaderpluginname org.eclipse.jdt.junit4.runtime -classNames TestRunner.testRunner

Host: Intel(R) Core(TM) i5-8250U CPU @ 1.60GHz, 8 cores, 7G,  Windows 11 , 64 bit Build 26100 (10.0.26100.7019)
Time: Thu Dec 11 19:37:36 2025 India Standard Time elapsed time: 42.550811 seconds (0d 0h 0m 42s)

---------------  T H R E A D  ---------------

Current thread (0x00000237784e0fb0):  VMThread "VM Thread" [stack: 0x00000098a0200000,0x00000098a0300000] [id=21028]

Stack: [0x00000098a0200000,0x00000098a0300000]
Native frames: (J=compiled Java code, j=interpreted, Vv=VM code, C=native code)
V  [jvm.dll+0x6bc25a]
V  [jvm.dll+0x84971a]
V  [jvm.dll+0x84b315]
V  [jvm.dll+0x84ba13]
V  [jvm.dll+0x280e4f]
V  [jvm.dll+0x6b8fe9]
V  [jvm.dll+0x6adbca]
V  [jvm.dll+0x35b165]
V  [jvm.dll+0x363386]
V  [jvm.dll+0x3b400e]
V  [jvm.dll+0x3b4295]
V  [jvm.dll+0x32b86a]
V  [jvm.dll+0x32e486]
V  [jvm.dll+0x33854e]
V  [jvm.dll+0x371dd0]
V  [jvm.dll+0x85135e]
V  [jvm.dll+0x852471]
V  [jvm.dll+0x852979]
V  [jvm.dll+0x852bf3]
V  [jvm.dll+0x7f5c76]
V  [jvm.dll+0x6baecb]
C  [ucrtbase.dll+0x37b0]
C  [KERNEL32.DLL+0x2e8d7]
C  [ntdll.dll+0x8c53c]

VM_Operation (0x000000989feff5b0): G1PauseRemark, mode: safepoint, requested by thread 0x000002375bbf7d40


---------------  P R O C E S S  ---------------

Threads class SMR info:
_java_thread_list=0x000002377df92c60, length=57, elements={
0x000002375bb860d0, 0x0000023778500920, 0x0000023778502710, 0x0000023778507ab0,
0x00000237785083f0, 0x000002377850a1e0, 0x000002377850c100, 0x0000023778511980,
0x0000023778518640, 0x000002377c8e5ac0, 0x000002377db21070, 0x000002377ddf7b40,
0x000002377ddf5610, 0x000002377ddf70a0, 0x000002377ddf6600, 0x000002377ddf5b60,
0x000002377ddf6b50, 0x000002377ddf60b0, 0x000002377ddf8090, 0x000002377ddf85e0,
0x000002377d6d62e0, 0x000002377d6d6830, 0x000002377d6d6d80, 0x000002377d6d4da0,
0x000002377d6d72d0, 0x000002377d6d4850, 0x000002377d6d7820, 0x000002377d6d82c0,
0x000002377d6d7d70, 0x000002377d6d8810, 0x000002377d6d5d90, 0x000002377d6d8d60,
0x000002377d6d52f0, 0x000002377d6d92b0, 0x000002377d6d5840, 0x000002377d6da2a0,
0x000002377d6dc280, 0x000002377d6d9800, 0x000002377d6d9d50, 0x000002377d6da7f0,
0x000002377d6db7e0, 0x000002377d6dbd30, 0x000002377d6dad40, 0x000002377ddf75f0,
0x000002377d6db290, 0x000002377c8a78c0, 0x000002377c8a88b0, 0x000002377c8a8360,
0x000002377c8a6380, 0x000002377c8a8e00, 0x000002377c8a5390, 0x000002377c8a68d0,
0x000002377c8a7e10, 0x000002377c8a58e0, 0x000002377c8aa890, 0x000002377c8a9350,
0x000002377e8d06c0
}

Java Threads: ( => current thread )
  0x000002375bb860d0 JavaThread "main" [_thread_blocked, id=25068, stack(0x000000989fc00000,0x000000989fd00000)]
  0x0000023778500920 JavaThread "Reference Handler" daemon [_thread_blocked, id=24440, stack(0x00000098a0300000,0x00000098a0400000)]
  0x0000023778502710 JavaThread "Finalizer" daemon [_thread_blocked, id=25540, stack(0x00000098a0400000,0x00000098a0500000)]
  0x0000023778507ab0 JavaThread "Signal Dispatcher" daemon [_thread_blocked, id=11996, stack(0x00000098a0500000,0x00000098a0600000)]
  0x00000237785083f0 JavaThread "Attach Listener" daemon [_thread_blocked, id=26968, stack(0x00000098a0600000,0x00000098a0700000)]
  0x000002377850a1e0 JavaThread "Service Thread" daemon [_thread_blocked, id=19548, stack(0x00000098a0700000,0x00000098a0800000)]
  0x000002377850c100 JavaThread "Monitor Deflation Thread" daemon [_thread_blocked, id=12440, stack(0x00000098a0800000,0x00000098a0900000)]
  0x0000023778511980 JavaThread "C2 CompilerThread0" daemon [_thread_blocked, id=31932, stack(0x00000098a0900000,0x00000098a0a00000)]
  0x0000023778518640 JavaThread "C1 CompilerThread0" daemon [_thread_blocked, id=32360, stack(0x00000098a0a00000,0x00000098a0b00000)]
  0x000002377c8e5ac0 JavaThread "Common-Cleaner" daemon [_thread_blocked, id=7256, stack(0x00000098a0b00000,0x00000098a0c00000)]
  0x000002377db21070 JavaThread "Notification Thread" daemon [_thread_blocked, id=12216, stack(0x00000098a1400000,0x00000098a1500000)]
  0x000002377ddf7b40 JavaThread "ForkJoinPool.commonPool-worker-1" daemon [_thread_blocked, id=34096, stack(0x00000098a1300000,0x00000098a1400000)]
  0x000002377ddf5610 JavaThread "AsyncHttpClient-1-1" daemon [_thread_blocked, id=33424, stack(0x00000098a1a00000,0x00000098a1b00000)]
  0x000002377ddf70a0 JavaThread "Exec Default Executor" daemon [_thread_in_native, id=24136, stack(0x00000098a1900000,0x00000098a1a00000)]
  0x000002377ddf6600 JavaThread "Exec Stream Pumper" daemon [_thread_in_native, id=11840, stack(0x00000098a1b00000,0x00000098a1c00000)]
  0x000002377ddf5b60 JavaThread "Exec Stream Pumper" daemon [_thread_in_native, id=16940, stack(0x00000098a1c00000,0x00000098a1d00000)]
  0x000002377ddf6b50 JavaThread "Driver Service Executor" daemon [_thread_blocked, id=26064, stack(0x00000098a1d00000,0x00000098a1e00000)]
  0x000002377ddf60b0 JavaThread "Driver Service Executor" daemon [_thread_blocked, id=14536, stack(0x00000098a1e00000,0x00000098a1f00000)]
  0x000002377ddf8090 JavaThread "UrlChecker-2" daemon [_thread_blocked, id=17244, stack(0x00000098a1f00000,0x00000098a2000000)]
  0x000002377ddf85e0 JavaThread "AsyncHttpClient-1-2" daemon [_thread_in_native, id=26036, stack(0x00000098a2100000,0x00000098a2200000)]
  0x000002377d6d62e0 JavaThread "AsyncHttpClient-1-3" daemon [_thread_in_native, id=12448, stack(0x00000098a2200000,0x00000098a2300000)]
  0x000002377d6d6830 JavaThread "AsyncHttpClient-1-4" daemon [_thread_in_native, id=34120, stack(0x00000098a2300000,0x00000098a2400000)]
  0x000002377d6d6d80 JavaThread "Exec Default Executor" daemon [_thread_in_native, id=29184, stack(0x00000098a2400000,0x00000098a2500000)]
  0x000002377d6d4da0 JavaThread "Exec Stream Pumper" daemon [_thread_in_native, id=15404, stack(0x00000098a2500000,0x00000098a2600000)]
  0x000002377d6d72d0 JavaThread "Exec Stream Pumper" daemon [_thread_in_native, id=22516, stack(0x00000098a2600000,0x00000098a2700000)]
  0x000002377d6d4850 JavaThread "Driver Service Executor" daemon [_thread_blocked, id=24936, stack(0x00000098a2700000,0x00000098a2800000)]
  0x000002377d6d7820 JavaThread "Driver Service Executor" daemon [_thread_blocked, id=31764, stack(0x00000098a2800000,0x00000098a2900000)]
  0x000002377d6d82c0 JavaThread "AsyncHttpClient-1-5" daemon [_thread_in_native, id=32944, stack(0x00000098a2900000,0x00000098a2a00000)]
  0x000002377d6d7d70 JavaThread "AsyncHttpClient-1-6" daemon [_thread_in_native, id=14920, stack(0x00000098a2a00000,0x00000098a2b00000)]
  0x000002377d6d8810 JavaThread "AsyncHttpClient-1-7" daemon [_thread_in_native, id=33052, stack(0x00000098a2b00000,0x00000098a2c00000)]
  0x000002377d6d5d90 JavaThread "Exec Default Executor" daemon [_thread_in_native, id=27028, stack(0x00000098a1800000,0x00000098a1900000)]
  0x000002377d6d8d60 JavaThread "Exec Stream Pumper" daemon [_thread_in_native, id=29324, stack(0x00000098a2c00000,0x00000098a2d00000)]
  0x000002377d6d52f0 JavaThread "Exec Stream Pumper" daemon [_thread_in_native, id=28748, stack(0x00000098a2d00000,0x00000098a2e00000)]
  0x000002377d6d92b0 JavaThread "Driver Service Executor" daemon [_thread_blocked, id=12248, stack(0x00000098a2e00000,0x00000098a2f00000)]
  0x000002377d6d5840 JavaThread "Driver Service Executor" daemon [_thread_blocked, id=15480, stack(0x00000098a2f00000,0x00000098a3000000)]
  0x000002377d6da2a0 JavaThread "AsyncHttpClient-1-8" daemon [_thread_in_native, id=2688, stack(0x00000098a3100000,0x00000098a3200000)]
  0x000002377d6dc280 JavaThread "AsyncHttpClient-1-9" daemon [_thread_in_native, id=29916, stack(0x00000098a3200000,0x00000098a3300000)]
  0x000002377d6d9800 JavaThread "AsyncHttpClient-1-10" daemon [_thread_in_native, id=10564, stack(0x00000098a3300000,0x00000098a3400000)]
  0x000002377d6d9d50 JavaThread "Exec Default Executor" daemon [_thread_in_native, id=20184, stack(0x00000098a3400000,0x00000098a3500000)]
  0x000002377d6da7f0 JavaThread "Exec Stream Pumper" daemon [_thread_in_native, id=17992, stack(0x00000098a3500000,0x00000098a3600000)]
  0x000002377d6db7e0 JavaThread "Exec Stream Pumper" daemon [_thread_in_native, id=26092, stack(0x00000098a3600000,0x00000098a3700000)]
  0x000002377d6dbd30 JavaThread "Driver Service Executor" daemon [_thread_blocked, id=1576, stack(0x00000098a3700000,0x00000098a3800000)]
  0x000002377d6dad40 JavaThread "Driver Service Executor" daemon [_thread_blocked, id=8720, stack(0x00000098a3800000,0x00000098a3900000)]
  0x000002377ddf75f0 JavaThread "AsyncHttpClient-1-11" daemon [_thread_in_native, id=31092, stack(0x00000098a3900000,0x00000098a3a00000)]
  0x000002377d6db290 JavaThread "AsyncHttpClient-1-12" daemon [_thread_in_native, id=29144, stack(0x00000098a3000000,0x00000098a3100000)]
  0x000002377c8a78c0 JavaThread "AsyncHttpClient-1-13" daemon [_thread_in_native, id=29836, stack(0x00000098a3a00000,0x00000098a3b00000)]
  0x000002377c8a88b0 JavaThread "Exec Default Executor" daemon [_thread_in_native, id=12504, stack(0x00000098a3b00000,0x00000098a3c00000)]
  0x000002377c8a8360 JavaThread "Exec Stream Pumper" daemon [_thread_in_native, id=6384, stack(0x00000098a3c00000,0x00000098a3d00000)]
  0x000002377c8a6380 JavaThread "Exec Stream Pumper" daemon [_thread_in_native, id=9596, stack(0x00000098a3d00000,0x00000098a3e00000)]
  0x000002377c8a8e00 JavaThread "Driver Service Executor" daemon [_thread_blocked, id=12888, stack(0x00000098a3e00000,0x00000098a3f00000)]
  0x000002377c8a5390 JavaThread "Driver Service Executor" daemon [_thread_blocked, id=23016, stack(0x00000098a3f00000,0x00000098a4000000)]
  0x000002377c8a68d0 JavaThread "AsyncHttpClient-1-14" daemon [_thread_in_native, id=13956, stack(0x00000098a4100000,0x00000098a4200000)]
  0x000002377c8a7e10 JavaThread "AsyncHttpClient-1-15" daemon [_thread_in_native, id=23832, stack(0x00000098a4400000,0x00000098a4500000)]
  0x000002377c8a58e0 JavaThread "AsyncHttpClient-1-16" daemon [_thread_in_native, id=17972, stack(0x00000098a4500000,0x00000098a4600000)]
  0x000002377c8aa890 JavaThread "AsyncHttpClient-1-17" daemon [_thread_in_native, id=7992, stack(0x00000098a4b00000,0x00000098a4c00000)]
  0x000002377c8a9350 JavaThread "Keep-Alive-Timer" daemon [_thread_blocked, id=28144, stack(0x00000098a1600000,0x00000098a1700000)]
  0x000002377e8d06c0 JavaThread "C2 CompilerThread1" daemon [_thread_blocked, id=15016, stack(0x00000098a4000000,0x00000098a4100000)]

Other Threads:
=>0x00000237784e0fb0 VMThread "VM Thread" [stack: 0x00000098a0200000,0x00000098a0300000] [id=21028]
  0x000002375bb87000 WatcherThread "VM Periodic Task Thread" [stack: 0x00000098a1500000,0x00000098a1600000] [id=7136]
  0x000002375bbe4d40 WorkerThread "GC Thread#0" [stack: 0x000000989fd00000,0x000000989fe00000] [id=10804]
  0x000002377d9416b0 WorkerThread "GC Thread#1" [stack: 0x00000098a0c00000,0x00000098a0d00000] [id=32468]
  0x000002377d941f20 WorkerThread "GC Thread#2" [stack: 0x00000098a0d00000,0x00000098a0e00000] [id=22592]
  0x000002377d941c50 WorkerThread "GC Thread#3" [stack: 0x00000098a0e00000,0x00000098a0f00000] [id=27264]
  0x000002377d9408a0 WorkerThread "GC Thread#4" [stack: 0x00000098a0f00000,0x00000098a1000000] [id=11348]
  0x000002377d9421f0 WorkerThread "GC Thread#5" [stack: 0x00000098a1000000,0x00000098a1100000] [id=30228]
  0x000002377d9405d0 WorkerThread "GC Thread#6" [stack: 0x00000098a1100000,0x00000098a1200000] [id=11448]
  0x000002377d940e40 WorkerThread "GC Thread#7" [stack: 0x00000098a1200000,0x00000098a1300000] [id=32712]
  0x000002375bbf7d40 ConcurrentGCThread "G1 Main Marker" [stack: 0x000000989fe00000,0x000000989ff00000] [id=8348]
  0x000002375bbf8680 WorkerThread "G1 Conc#0" [stack: 0x000000989ff00000,0x00000098a0000000] [id=33648]
  0x000002377dbe1580 WorkerThread "G1 Conc#1" [stack: 0x00000098a1700000,0x00000098a1800000] [id=560]
  0x000002377839c580 ConcurrentGCThread "G1 Refine#0" [stack: 0x00000098a0000000,0x00000098a0100000] [id=24268]
  0x000002377839ce30 ConcurrentGCThread "G1 Service" [stack: 0x00000098a0100000,0x00000098a0200000] [id=30708]

Threads with active compile tasks:
C2 CompilerThread0    42620 4817       4       freemarker.core.FMParserTokenManager::TokenLexicalActions (5546 bytes)
C2 CompilerThread1    42620 4811   !   4       freemarker.core.FMParserTokenManager::getNextToken (615 bytes)

VM state: at safepoint (normal execution)

VM Mutex/Monitor currently owned by a thread:  ([mutex/lock_event])
[0x000002375bb83970] Threads_lock - owner thread: 0x00000237784e0fb0
[0x000002375bb84300] Heap_lock - owner thread: 0x000002375bbf7d40

Heap address: 0x0000000082200000, size: 2014 MB, Compressed Oops mode: 32-bit

CDS archive(s) mapped at: [0x0000023700000000-0x0000023700c60000-0x0000023700c60000), size 12976128, SharedBaseAddress: 0x0000023700000000, ArchiveRelocationMode: 1.
Compressed class space mapped at: 0x0000023701000000-0x0000023741000000, reserved size: 1073741824
Narrow klass base: 0x0000023700000000, Narrow klass shift: 0, Narrow klass range: 0x100000000

GC Precious Log:
 CardTable entry size: 512
 Card Set container configuration: InlinePtr #cards 5 size 8 Array Of Cards #cards 12 size 40 Howl #buckets 4 coarsen threshold 1843 Howl Bitmap #cards 512 size 80 coarsen threshold 460 Card regions per heap region 1 cards per card region 2048
 CPUs: 8 total, 8 available
 Memory: 8050M
 Large Page Support: Disabled
 NUMA Support: Disabled
 Compressed Oops: Enabled (32-bit)
 Heap Region Size: 1M
 Heap Min Capacity: 8M
 Heap Initial Capacity: 126M
 Heap Max Capacity: 2014M
 Pre-touch: Disabled
 Parallel Workers: 8
 Concurrent Workers: 2
 Concurrent Refinement Workers: 8
 Periodic GC: Disabled

Heap:
 garbage-first heap   total 71680K, used 56690K [0x0000000082200000, 0x0000000100000000)
  region size 1024K, 3 young (3072K), 2 survivors (2048K)
 Metaspace       used 42785K, committed 43200K, reserved 1114112K
  class space    used 5364K, committed 5568K, reserved 1048576K

Heap Regions: E=young(eden), S=young(survivor), O=old, HS=humongous(starts), HC=humongous(continues), CS=collection set, F=free, OA=open archive, CA=closed archive, TAMS=top-at-mark-start, PB=parsable bottom
|   0|0x0000000082200000, 0x0000000082300000, 0x0000000082300000|100%|HS|  |TAMS 0x0000000082300000| PB 0x0000000082200000| Complete 
|   1|0x0000000082300000, 0x0000000082400000, 0x0000000082400000|100%|HC|  |TAMS 0x0000000082400000| PB 0x0000000082300000| Complete 
|   2|0x0000000082400000, 0x0000000082500000, 0x0000000082500000|100%|HC|  |TAMS 0x0000000082500000| PB 0x0000000082400000| Complete 
|   3|0x0000000082500000, 0x0000000082600000, 0x0000000082600000|100%| O|  |TAMS 0x0000000082600000| PB 0x0000000082600000| Untracked 
|   4|0x0000000082600000, 0x0000000082700000, 0x0000000082700000|100%| O|  |TAMS 0x0000000082700000| PB 0x0000000082700000| Untracked 
|   5|0x0000000082700000, 0x0000000082800000, 0x0000000082800000|100%| O|  |TAMS 0x0000000082800000| PB 0x0000000082800000| Untracked 
|   6|0x0000000082800000, 0x0000000082900000, 0x0000000082900000|100%| O|  |TAMS 0x0000000082900000| PB 0x0000000082900000| Untracked 
|   7|0x0000000082900000, 0x0000000082a00000, 0x0000000082a00000|100%| O|  |TAMS 0x0000000082a00000| PB 0x0000000082a00000| Updating 
|   8|0x0000000082a00000, 0x0000000082b00000, 0x0000000082b00000|100%| O|  |TAMS 0x0000000082b00000| PB 0x0000000082b00000| Untracked 
|   9|0x0000000082b00000, 0x0000000082c00000, 0x0000000082c00000|100%| O|  |TAMS 0x0000000082c00000| PB 0x0000000082c00000| Untracked 
|  10|0x0000000082c00000, 0x0000000082d00000, 0x0000000082d00000|100%| O|  |TAMS 0x0000000082d00000| PB 0x0000000082d00000| Untracked 
|  11|0x0000000082d00000, 0x0000000082e00000, 0x0000000082e00000|100%| O|  |TAMS 0x0000000082e00000| PB 0x0000000082e00000| Untracked 
|  12|0x0000000082e00000, 0x0000000082f00000, 0x0000000082f00000|100%| O|  |TAMS 0x0000000082f00000| PB 0x0000000082f00000| Untracked 
|  13|0x0000000082f00000, 0x0000000083000000, 0x0000000083000000|100%| O|  |TAMS 0x0000000083000000| PB 0x0000000083000000| Untracked 
|  14|0x0000000083000000, 0x0000000083100000, 0x0000000083100000|100%| O|  |TAMS 0x0000000083100000| PB 0x0000000083100000| Untracked 
|  15|0x0000000083100000, 0x0000000083200000, 0x0000000083200000|100%| O|  |TAMS 0x0000000083200000| PB 0x0000000083200000| Untracked 
|  16|0x0000000083200000, 0x0000000083300000, 0x0000000083300000|100%| O|  |TAMS 0x0000000083300000| PB 0x0000000083300000| Untracked 
|  17|0x0000000083300000, 0x0000000083400000, 0x0000000083400000|100%| O|  |TAMS 0x0000000083400000| PB 0x0000000083400000| Untracked 
|  18|0x0000000083400000, 0x0000000083500000, 0x0000000083500000|100%| O|  |TAMS 0x0000000083400000| PB 0x0000000083400000| Untracked 
|  19|0x0000000083500000, 0x0000000083600000, 0x0000000083600000|100%| O|  |TAMS 0x0000000083600000| PB 0x0000000083600000| Updating 
|  20|0x0000000083600000, 0x0000000083700000, 0x0000000083700000|100%|HS|  |TAMS 0x0000000083700000| PB 0x0000000083600000| Complete 
|  21|0x0000000083700000, 0x0000000083800000, 0x0000000083800000|100%|HC|  |TAMS 0x0000000083800000| PB 0x0000000083700000| Complete 
|  22|0x0000000083800000, 0x0000000083900000, 0x0000000083900000|100%|HC|  |TAMS 0x0000000083900000| PB 0x0000000083800000| Complete 
|  23|0x0000000083900000, 0x0000000083a00000, 0x0000000083a00000|100%|HC|  |TAMS 0x0000000083a00000| PB 0x0000000083900000| Complete 
|  24|0x0000000083a00000, 0x0000000083b00000, 0x0000000083b00000|100%|HC|  |TAMS 0x0000000083b00000| PB 0x0000000083a00000| Complete 
|  25|0x0000000083b00000, 0x0000000083c00000, 0x0000000083c00000|100%|HS|  |TAMS 0x0000000083c00000| PB 0x0000000083b00000| Complete 
|  26|0x0000000083c00000, 0x0000000083d00000, 0x0000000083d00000|100%|HC|  |TAMS 0x0000000083d00000| PB 0x0000000083c00000| Complete 
|  27|0x0000000083d00000, 0x0000000083e00000, 0x0000000083e00000|100%|HC|  |TAMS 0x0000000083e00000| PB 0x0000000083d00000| Complete 
|  28|0x0000000083e00000, 0x0000000083f00000, 0x0000000083f00000|100%|HC|  |TAMS 0x0000000083f00000| PB 0x0000000083e00000| Complete 
|  29|0x0000000083f00000, 0x0000000084000000, 0x0000000084000000|100%|HC|  |TAMS 0x0000000084000000| PB 0x0000000083f00000| Complete 
|  30|0x0000000084000000, 0x0000000084100000, 0x0000000084100000|100%|HS|  |TAMS 0x0000000084100000| PB 0x0000000084000000| Complete 
|  31|0x0000000084100000, 0x0000000084200000, 0x0000000084200000|100%|HC|  |TAMS 0x0000000084200000| PB 0x0000000084100000| Complete 
|  32|0x0000000084200000, 0x0000000084300000, 0x0000000084300000|100%|HC|  |TAMS 0x0000000084300000| PB 0x0000000084200000| Complete 
|  33|0x0000000084300000, 0x0000000084400000, 0x0000000084400000|100%|HC|  |TAMS 0x0000000084400000| PB 0x0000000084300000| Complete 
|  34|0x0000000084400000, 0x0000000084500000, 0x0000000084500000|100%|HC|  |TAMS 0x0000000084500000| PB 0x0000000084400000| Complete 
|  35|0x0000000084500000, 0x0000000084600000, 0x0000000084600000|100%|HS|  |TAMS 0x0000000084600000| PB 0x0000000084500000| Complete 
|  36|0x0000000084600000, 0x0000000084700000, 0x0000000084700000|100%|HC|  |TAMS 0x0000000084700000| PB 0x0000000084600000| Complete 
|  37|0x0000000084700000, 0x0000000084800000, 0x0000000084800000|100%|HC|  |TAMS 0x0000000084800000| PB 0x0000000084700000| Complete 
|  38|0x0000000084800000, 0x0000000084900000, 0x0000000084900000|100%|HC|  |TAMS 0x0000000084900000| PB 0x0000000084800000| Complete 
|  39|0x0000000084900000, 0x0000000084a00000, 0x0000000084a00000|100%|HC|  |TAMS 0x0000000084a00000| PB 0x0000000084900000| Complete 
|  40|0x0000000084a00000, 0x0000000084b00000, 0x0000000084b00000|100%|HS|  |TAMS 0x0000000084b00000| PB 0x0000000084a00000| Complete 
|  41|0x0000000084b00000, 0x0000000084c00000, 0x0000000084c00000|100%|HC|  |TAMS 0x0000000084c00000| PB 0x0000000084b00000| Complete 
|  42|0x0000000084c00000, 0x0000000084d00000, 0x0000000084d00000|100%|HC|  |TAMS 0x0000000084d00000| PB 0x0000000084c00000| Complete 
|  43|0x0000000084d00000, 0x0000000084e00000, 0x0000000084e00000|100%|HC|  |TAMS 0x0000000084e00000| PB 0x0000000084d00000| Complete 
|  44|0x0000000084e00000, 0x0000000084f00000, 0x0000000084f00000|100%|HC|  |TAMS 0x0000000084f00000| PB 0x0000000084e00000| Complete 
|  45|0x0000000084f00000, 0x0000000085000000, 0x0000000085000000|100%| O|  |TAMS 0x0000000084f00000| PB 0x0000000084f00000| Untracked 
|  46|0x0000000085000000, 0x0000000085000000, 0x0000000085100000|  0%| F|  |TAMS 0x0000000085000000| PB 0x0000000085000000| Untracked 
|  47|0x0000000085100000, 0x0000000085100000, 0x0000000085200000|  0%| F|  |TAMS 0x0000000085100000| PB 0x0000000085100000| Untracked 
|  48|0x0000000085200000, 0x000000008525c810, 0x0000000085300000| 36%| S|CS|TAMS 0x0000000085200000| PB 0x0000000085200000| Complete 
|  49|0x0000000085300000, 0x0000000085400000, 0x0000000085400000|100%| S|CS|TAMS 0x0000000085300000| PB 0x0000000085300000| Complete 
|  50|0x0000000085400000, 0x0000000085400000, 0x0000000085500000|  0%| F|  |TAMS 0x0000000085400000| PB 0x0000000085400000| Untracked 
|  51|0x0000000085500000, 0x0000000085500000, 0x0000000085600000|  0%| F|  |TAMS 0x0000000085500000| PB 0x0000000085500000| Untracked 
|  52|0x0000000085600000, 0x0000000085600000, 0x0000000085700000|  0%| F|  |TAMS 0x0000000085600000| PB 0x0000000085600000| Untracked 
|  53|0x0000000085700000, 0x0000000085700000, 0x0000000085800000|  0%| F|  |TAMS 0x0000000085700000| PB 0x0000000085700000| Untracked 
|  54|0x0000000085800000, 0x0000000085900000, 0x0000000085900000|100%|HS|  |TAMS 0x0000000085900000| PB 0x0000000085800000| Complete 
|  55|0x0000000085900000, 0x0000000085a00000, 0x0000000085a00000|100%|HC|  |TAMS 0x0000000085a00000| PB 0x0000000085900000| Complete 
|  56|0x0000000085a00000, 0x0000000085b00000, 0x0000000085b00000|100%|HC|  |TAMS 0x0000000085b00000| PB 0x0000000085a00000| Complete 
|  57|0x0000000085b00000, 0x0000000085c00000, 0x0000000085c00000|100%|HC|  |TAMS 0x0000000085c00000| PB 0x0000000085b00000| Complete 
|  58|0x0000000085c00000, 0x0000000085d00000, 0x0000000085d00000|100%|HC|  |TAMS 0x0000000085d00000| PB 0x0000000085c00000| Complete 
|  59|0x0000000085d00000, 0x0000000085d00000, 0x0000000085e00000|  0%| F|  |TAMS 0x0000000085d00000| PB 0x0000000085d00000| Untracked 
|  60|0x0000000085e00000, 0x0000000085e00000, 0x0000000085f00000|  0%| F|  |TAMS 0x0000000085e00000| PB 0x0000000085e00000| Untracked 
|  75|0x0000000086d00000, 0x0000000086d00000, 0x0000000086e00000|  0%| F|  |TAMS 0x0000000086d00000| PB 0x0000000086d00000| Untracked 
|  76|0x0000000086e00000, 0x0000000086e00000, 0x0000000086f00000|  0%| F|  |TAMS 0x0000000086e00000| PB 0x0000000086e00000| Untracked 
|  77|0x0000000086f00000, 0x0000000086f00000, 0x0000000087000000|  0%| F|  |TAMS 0x0000000086f00000| PB 0x0000000086f00000| Untracked 
|  78|0x0000000087000000, 0x0000000087000000, 0x0000000087100000|  0%| F|  |TAMS 0x0000000087000000| PB 0x0000000087000000| Untracked 
|  79|0x0000000087100000, 0x0000000087100000, 0x0000000087200000|  0%| F|  |TAMS 0x0000000087100000| PB 0x0000000087100000| Untracked 
| 125|0x0000000089f00000, 0x0000000089f5db80, 0x000000008a000000| 36%| E|  |TAMS 0x0000000089f00000| PB 0x0000000089f00000| Complete 
|2011|0x00000000ffd00000, 0x00000000ffe00000, 0x00000000ffe00000|100%| O|  |TAMS 0x00000000ffe00000| PB 0x00000000ffe00000| Updating 
|2012|0x00000000ffe00000, 0x00000000fff00000, 0x00000000fff00000|100%| O|  |TAMS 0x00000000fff00000| PB 0x00000000fff00000| Untracked 
|2013|0x00000000fff00000, 0x0000000100000000, 0x0000000100000000|100%| O|  |TAMS 0x0000000100000000| PB 0x0000000100000000| Untracked 

Card table byte_map: [0x0000023773360000,0x0000023773750000] _byte_map_base: 0x0000023772f4f000

Marking Bits: (CMBitMap*) 0x000002375bbe6290
 Bits: [0x0000023773b40000, 0x0000023775ab8000)

Polling page: 0x0000023759930000

Metaspace:

Usage:
  Non-class:     36.54 MB used.
      Class:      5.24 MB used.
       Both:     41.78 MB used.

Virtual space:
  Non-class space:       64.00 MB reserved,      36.75 MB ( 57%) committed,  1 nodes.
      Class space:        1.00 GB reserved,       5.44 MB ( <1%) committed,  1 nodes.
             Both:        1.06 GB reserved,      42.19 MB (  4%) committed. 

Chunk freelists:
   Non-Class:  3.28 MB
       Class:  2.54 MB
        Both:  5.82 MB

MaxMetaspaceSize: unlimited
CompressedClassSpaceSize: 1.00 GB
Initial GC threshold: 21.00 MB
Current GC threshold: 59.31 MB
CDS: on
MetaspaceReclaimPolicy: balanced
 - commit_granule_bytes: 65536.
 - commit_granule_words: 8192.
 - virtual_space_node_default_size: 8388608.
 - enlarge_chunks_in_place: 1.
 - new_chunks_are_fully_committed: 0.
 - uncommit_free_chunks: 1.
 - use_allocation_guard: 0.


Internal statistics:

num_allocs_failed_limit: 9.
num_arena_births: 396.
num_arena_deaths: 0.
num_vsnodes_births: 2.
num_vsnodes_deaths: 0.
num_space_committed: 674.
num_space_uncommitted: 0.
num_chunks_returned_to_freelist: 9.
num_chunks_taken_from_freelist: 1605.
num_chunk_merges: 9.
num_chunk_splits: 1189.
num_chunks_enlarged: 967.
num_inconsistent_stats: 0.

CodeHeap 'non-profiled nmethods': size=120000Kb used=1838Kb max_used=1953Kb free=118161Kb
 bounds [0x000002376b710000, 0x000002376b980000, 0x0000023772c40000]
CodeHeap 'profiled nmethods': size=120000Kb used=8119Kb max_used=8504Kb free=111880Kb
 bounds [0x0000023763c40000, 0x0000023764490000, 0x000002376b170000]
CodeHeap 'non-nmethods': size=5760Kb used=1682Kb max_used=1728Kb free=4078Kb
 bounds [0x000002376b170000, 0x000002376b3e0000, 0x000002376b710000]
 total_blobs=4965 nmethods=4296 adapters=579
 compilation: enabled
              stopped_count=0, restarted_count=0
 full_count=0

Compilation events (20 events):
Event: 40.495 Thread 0x0000023778518640 4886   !   3       freemarker.ext.beans.ClassIntrospector::get (323 bytes)
Event: 40.498 Thread 0x0000023778518640 nmethod 4886 0x0000023764487c10 code [0x0000023764488000, 0x0000023764489d58]
Event: 40.498 Thread 0x0000023778518640 4887       3       freemarker.core.Dot::_eval (57 bytes)
Event: 40.499 Thread 0x0000023778518640 nmethod 4887 0x000002376448ad90 code [0x000002376448afa0, 0x000002376448b858]
Event: 40.499 Thread 0x0000023778518640 4888       1       freemarker.ext.beans.FastPropertyDescriptor::getIndexedReadMethod (5 bytes)
Event: 40.500 Thread 0x0000023778518640 nmethod 4888 0x000002376b8f7b10 code [0x000002376b8f7c80, 0x000002376b8f7d48]
Event: 40.500 Thread 0x0000023778518640 4889       1       freemarker.ext.beans.FastPropertyDescriptor::getReadMethod (5 bytes)
Event: 40.500 Thread 0x0000023778518640 nmethod 4889 0x000002376b8f7e10 code [0x000002376b8f7f80, 0x000002376b8f8048]
Event: 40.505 Thread 0x0000023778518640 4890       1       freemarker.core.TemplateElements::getBuffer (5 bytes)
Event: 40.505 Thread 0x0000023778518640 nmethod 4890 0x000002376b8f8110 code [0x000002376b8f8280, 0x000002376b8f8348]
Event: 40.505 Thread 0x0000023778518640 4891       1       freemarker.core.TemplateElements::getCount (5 bytes)
Event: 40.505 Thread 0x0000023778518640 nmethod 4891 0x000002376b8f8410 code [0x000002376b8f8580, 0x000002376b8f8648]
Event: 40.506 Thread 0x0000023778518640 4892       3       freemarker.core.FMParserTokenManager::isStrictTag (34 bytes)
Event: 40.507 Thread 0x0000023778518640 nmethod 4892 0x000002376448ba90 code [0x000002376448bce0, 0x000002376448c898]
Event: 40.511 Thread 0x0000023778518640 4894       3       java.util.ArrayList::trimToSize (51 bytes)
Event: 40.511 Thread 0x0000023778518640 nmethod 4894 0x000002376448cd10 code [0x000002376448cec0, 0x000002376448d198]
Event: 40.512 Thread 0x0000023778518640 4895       3       freemarker.core.FMParser::AtomicExpression (222 bytes)
Event: 40.513 Thread 0x0000023778518640 nmethod 4895 0x000002376448d290 code [0x000002376448d4e0, 0x000002376448db90]
Event: 40.513 Thread 0x0000023778518640 4896       3       freemarker.core.FMParser::jj_3_4 (104 bytes)
Event: 40.513 Thread 0x0000023778518640 nmethod 4896 0x000002376448dd90 code [0x000002376448df80, 0x000002376448e600]

GC Heap History (18 events):
Event: 2.165 GC heap before
{Heap before GC invocations=0 (full 0):
 garbage-first heap   total 129024K, used 25600K [0x0000000082200000, 0x0000000100000000)
  region size 1024K, 23 young (23552K), 0 survivors (0K)
 Metaspace       used 5160K, committed 5312K, reserved 1114112K
  class space    used 571K, committed 640K, reserved 1048576K
}
Event: 2.176 GC heap after
{Heap after GC invocations=1 (full 0):
 garbage-first heap   total 129024K, used 11101K [0x0000000082200000, 0x0000000100000000)
  region size 1024K, 3 young (3072K), 3 survivors (3072K)
 Metaspace       used 5160K, committed 5312K, reserved 1114112K
  class space    used 571K, committed 640K, reserved 1048576K
}
Event: 3.463 GC heap before
{Heap before GC invocations=1 (full 0):
 garbage-first heap   total 129024K, used 35677K [0x0000000082200000, 0x0000000100000000)
  region size 1024K, 27 young (27648K), 3 survivors (3072K)
 Metaspace       used 11683K, committed 11904K, reserved 1114112K
  class space    used 1385K, committed 1472K, reserved 1048576K
}
Event: 3.469 GC heap after
{Heap after GC invocations=2 (full 0):
 garbage-first heap   total 129024K, used 13006K [0x0000000082200000, 0x0000000100000000)
  region size 1024K, 2 young (2048K), 2 survivors (2048K)
 Metaspace       used 11683K, committed 11904K, reserved 1114112K
  class space    used 1385K, committed 1472K, reserved 1048576K
}
Event: 5.042 GC heap before
{Heap before GC invocations=2 (full 0):
 garbage-first heap   total 129024K, used 56014K [0x0000000082200000, 0x0000000100000000)
  region size 1024K, 46 young (47104K), 2 survivors (2048K)
 Metaspace       used 21238K, committed 21504K, reserved 1114112K
  class space    used 2533K, committed 2688K, reserved 1048576K
}
Event: 5.049 GC heap after
{Heap after GC invocations=3 (full 0):
 garbage-first heap   total 129024K, used 16018K [0x0000000082200000, 0x0000000100000000)
  region size 1024K, 5 young (5120K), 5 survivors (5120K)
 Metaspace       used 21238K, committed 21504K, reserved 1114112K
  class space    used 2533K, committed 2688K, reserved 1048576K
}
Event: 10.167 GC heap before
{Heap before GC invocations=4 (full 0):
 garbage-first heap   total 58368K, used 45714K [0x0000000082200000, 0x0000000100000000)
  region size 1024K, 34 young (34816K), 5 survivors (5120K)
 Metaspace       used 29152K, committed 29504K, reserved 1114112K
  class space    used 3649K, committed 3776K, reserved 1048576K
}
Event: 10.180 GC heap after
{Heap after GC invocations=5 (full 0):
 garbage-first heap   total 58368K, used 18107K [0x0000000082200000, 0x0000000100000000)
  region size 1024K, 3 young (3072K), 3 survivors (3072K)
 Metaspace       used 29152K, committed 29504K, reserved 1114112K
  class space    used 3649K, committed 3776K, reserved 1048576K
}
Event: 11.076 GC heap before
{Heap before GC invocations=5 (full 0):
 garbage-first heap   total 58368K, used 35515K [0x0000000082200000, 0x0000000100000000)
  region size 1024K, 21 young (21504K), 3 survivors (3072K)
 Metaspace       used 35696K, committed 35968K, reserved 1114112K
  class space    used 4408K, committed 4544K, reserved 1048576K
}
Event: 11.087 GC heap after
{Heap after GC invocations=6 (full 0):
 garbage-first heap   total 58368K, used 20394K [0x0000000082200000, 0x0000000100000000)
  region size 1024K, 3 young (3072K), 3 survivors (3072K)
 Metaspace       used 35696K, committed 35968K, reserved 1114112K
  class space    used 4408K, committed 4544K, reserved 1048576K
}
Event: 11.138 GC heap before
{Heap before GC invocations=6 (full 0):
 garbage-first heap   total 58368K, used 20394K [0x0000000082200000, 0x0000000100000000)
  region size 1024K, 4 young (4096K), 3 survivors (3072K)
 Metaspace       used 35919K, committed 36288K, reserved 1114112K
  class space    used 4436K, committed 4608K, reserved 1048576K
}
Event: 11.144 GC heap after
{Heap after GC invocations=7 (full 0):
 garbage-first heap   total 58368K, used 20932K [0x0000000082200000, 0x0000000100000000)
  region size 1024K, 1 young (1024K), 1 survivors (1024K)
 Metaspace       used 35919K, committed 36288K, reserved 1114112K
  class space    used 4436K, committed 4608K, reserved 1048576K
}
Event: 22.998 GC heap before
{Heap before GC invocations=8 (full 0):
 garbage-first heap   total 58368K, used 56772K [0x0000000082200000, 0x0000000100000000)
  region size 1024K, 22 young (22528K), 1 survivors (1024K)
 Metaspace       used 39734K, committed 40128K, reserved 1114112K
  class space    used 4958K, committed 5120K, reserved 1048576K
}
Event: 23.007 GC heap after
{Heap after GC invocations=9 (full 0):
 garbage-first heap   total 61440K, used 38307K [0x0000000082200000, 0x0000000100000000)
  region size 1024K, 3 young (3072K), 3 survivors (3072K)
 Metaspace       used 39734K, committed 40128K, reserved 1114112K
  class space    used 4958K, committed 5120K, reserved 1048576K
}
Event: 39.549 GC heap before
{Heap before GC invocations=9 (full 0):
 garbage-first heap   total 66560K, used 65955K [0x0000000082200000, 0x0000000100000000)
  region size 1024K, 15 young (15360K), 3 survivors (3072K)
 Metaspace       used 40602K, committed 40960K, reserved 1114112K
  class space    used 5061K, committed 5248K, reserved 1048576K
}
Event: 39.563 GC heap after
{Heap after GC invocations=10 (full 0):
 garbage-first heap   total 71680K, used 55296K [0x0000000082200000, 0x0000000100000000)
  region size 1024K, 2 young (2048K), 2 survivors (2048K)
 Metaspace       used 40602K, committed 40960K, reserved 1114112K
  class space    used 5061K, committed 5248K, reserved 1048576K
}
Event: 40.465 GC heap before
{Heap before GC invocations=10 (full 0):
 garbage-first heap   total 71680K, used 64512K [0x0000000082200000, 0x0000000100000000)
  region size 1024K, 12 young (12288K), 2 survivors (2048K)
 Metaspace       used 42768K, committed 43200K, reserved 1114112K
  class space    used 5364K, committed 5568K, reserved 1048576K
}
Event: 40.479 GC heap after
{Heap after GC invocations=11 (full 0):
 garbage-first heap   total 71680K, used 56690K [0x0000000082200000, 0x0000000100000000)
  region size 1024K, 2 young (2048K), 2 survivors (2048K)
 Metaspace       used 42768K, committed 43200K, reserved 1114112K
  class space    used 5364K, committed 5568K, reserved 1048576K
}

Dll operation events (13 events):
Event: 0.029 Loaded shared library C:\Program Files\Java\jdk-20\bin\java.dll
Event: 0.069 Loaded shared library C:\Program Files\Java\jdk-20\bin\jsvml.dll
Event: 0.319 Loaded shared library C:\Program Files\Java\jdk-20\bin\zip.dll
Event: 0.337 Loaded shared library C:\Program Files\Java\jdk-20\bin\instrument.dll
Event: 0.348 Loaded shared library C:\Program Files\Java\jdk-20\bin\net.dll
Event: 0.351 Loaded shared library C:\Program Files\Java\jdk-20\bin\nio.dll
Event: 0.354 Loaded shared library C:\Program Files\Java\jdk-20\bin\zip.dll
Event: 0.730 Loaded shared library C:\Program Files\Java\jdk-20\bin\verify.dll
Event: 0.759 Loaded shared library C:\Program Files\Java\jdk-20\bin\jimage.dll
Event: 1.778 Loaded shared library C:\Program Files\Java\jdk-20\bin\management.dll
Event: 1.785 Loaded shared library C:\Program Files\Java\jdk-20\bin\management_ext.dll
Event: 2.718 Loaded shared library C:\Program Files\Java\jdk-20\bin\extnet.dll
Event: 10.147 Loaded shared library C:\Program Files\Java\jdk-20\bin\sunmscapi.dll

Deoptimization events (20 events):
Event: 40.076 Thread 0x000002375bb860d0 DEOPT PACKING pc=0x000002376b835c4c sp=0x000000989fcfd870
Event: 40.076 Thread 0x000002375bb860d0 DEOPT UNPACKING pc=0x000002376b1d9d22 sp=0x000000989fcfd808 mode 2
Event: 40.079 Thread 0x000002375bb860d0 Uncommon trap: trap_request=0xffffff45 fr.pc=0x000002376b71cc20 relative=0x00000000000001a0
Event: 40.079 Thread 0x000002375bb860d0 Uncommon trap: reason=unstable_if action=reinterpret pc=0x000002376b71cc20 method=java.lang.String.equals(Ljava/lang/Object;)Z @ 33 c2
Event: 40.079 Thread 0x000002375bb860d0 DEOPT PACKING pc=0x000002376b71cc20 sp=0x000000989fcfd8f0
Event: 40.079 Thread 0x000002375bb860d0 DEOPT UNPACKING pc=0x000002376b1d9d22 sp=0x000000989fcfd880 mode 2
Event: 40.194 Thread 0x000002375bb860d0 DEOPT PACKING pc=0x0000023763c8dc31 sp=0x000000989fcfd930
Event: 40.194 Thread 0x000002375bb860d0 DEOPT UNPACKING pc=0x000002376b1da4c2 sp=0x000000989fcfce30 mode 0
Event: 40.280 Thread 0x000002375bb860d0 Uncommon trap: trap_request=0xffffff45 fr.pc=0x000002376b827fb0 relative=0x00000000000004d0
Event: 40.281 Thread 0x000002375bb860d0 Uncommon trap: reason=unstable_if action=reinterpret pc=0x000002376b827fb0 method=java.lang.AbstractStringBuilder.appendChars(Ljava/lang/String;II)V @ 4 c2
Event: 40.281 Thread 0x000002375bb860d0 DEOPT PACKING pc=0x000002376b827fb0 sp=0x000000989fcfd110
Event: 40.281 Thread 0x000002375bb860d0 DEOPT UNPACKING pc=0x000002376b1d9d22 sp=0x000000989fcfd050 mode 2
Event: 40.332 Thread 0x000002375bb860d0 Uncommon trap: trap_request=0xffffff45 fr.pc=0x000002376b725878 relative=0x0000000000000078
Event: 40.332 Thread 0x000002375bb860d0 Uncommon trap: reason=unstable_if action=reinterpret pc=0x000002376b725878 method=java.io.WinNTFileSystem.isSlash(C)Z @ 9 c2
Event: 40.332 Thread 0x000002375bb860d0 DEOPT PACKING pc=0x000002376b725878 sp=0x000000989fcfd9b0
Event: 40.332 Thread 0x000002375bb860d0 DEOPT UNPACKING pc=0x000002376b1d9d22 sp=0x000000989fcfd928 mode 2
Event: 40.353 Thread 0x000002375bb860d0 Uncommon trap: trap_request=0xffffff45 fr.pc=0x000002376b8e6cf4 relative=0x0000000000000254
Event: 40.353 Thread 0x000002375bb860d0 Uncommon trap: reason=unstable_if action=reinterpret pc=0x000002376b8e6cf4 method=freemarker.core.SimpleCharStream.readChar()C @ 32 c2
Event: 40.353 Thread 0x000002375bb860d0 DEOPT PACKING pc=0x000002376b8e6cf4 sp=0x000000989fcfcf50
Event: 40.353 Thread 0x000002375bb860d0 DEOPT UNPACKING pc=0x000002376b1d9d22 sp=0x000000989fcfcee8 mode 2

Classes loaded (20 events):
Event: 40.388 Loading class java/util/AbstractMapBeanInfo
Event: 40.388 Loading class java/util/AbstractMapBeanInfo done
Event: 40.388 Loading class java/util/AbstractMapBeanInfo
Event: 40.388 Loading class java/util/AbstractMapBeanInfo done
Event: 40.388 Loading class java/util/AbstractMapCustomizer
Event: 40.388 Loading class java/util/AbstractMapCustomizer done
Event: 40.388 Loading class java/util/AbstractMapCustomizer
Event: 40.388 Loading class java/util/AbstractMapCustomizer done
Event: 40.390 Loading class java/util/concurrent/ConcurrentHashMapCustomizer
Event: 40.390 Loading class java/util/concurrent/ConcurrentHashMapCustomizer done
Event: 40.390 Loading class java/util/concurrent/ConcurrentHashMapCustomizer
Event: 40.390 Loading class java/util/concurrent/ConcurrentHashMapCustomizer done
Event: 40.399 Loading class sun/reflect/generics/tree/DoubleSignature
Event: 40.400 Loading class sun/reflect/generics/tree/DoubleSignature done
Event: 40.413 Loading class jdk/internal/math/FDBigInteger
Event: 40.414 Loading class jdk/internal/math/FDBigInteger done
Event: 40.437 Loading class java/util/ArrayList$ListItr
Event: 40.438 Loading class java/util/ArrayList$ListItr done
Event: 40.462 Loading class java/text/DigitList$1
Event: 40.462 Loading class java/text/DigitList$1 done

Classes unloaded (0 events):
No events

Classes redefined (0 events):
No events

Internal exceptions (20 events):
Event: 40.038 Thread 0x000002375bb860d0 Exception <a 'java/lang/ClassNotFoundException'{0x0000000086d88178}: com/aventstack/extentreports/model/ReportStatsBeanInfo> (0x0000000086d88178) 
thrown [s\open\src\hotspot\share\classfile\systemDictionary.cpp, line 305]
Event: 40.038 Thread 0x000002375bb860d0 Exception <a 'java/lang/ClassNotFoundException'{0x0000000086d906b8}: com/aventstack/extentreports/model/ReportStatsCustomizer> (0x0000000086d906b8) 
thrown [s\open\src\hotspot\share\classfile\systemDictionary.cpp, line 305]
Event: 40.043 Thread 0x000002375bb860d0 Exception <a 'java/lang/ClassNotFoundException'{0x0000000086dab0f8}: com/aventstack/extentreports/AnalysisStrategyBeanInfo> (0x0000000086dab0f8) 
thrown [s\open\src\hotspot\share\classfile\systemDictionary.cpp, line 305]
Event: 40.044 Thread 0x000002375bb860d0 Exception <a 'java/lang/ClassNotFoundException'{0x0000000086db0220}: com/aventstack/extentreports/AnalysisStrategyCustomizer> (0x0000000086db0220) 
thrown [s\open\src\hotspot\share\classfile\systemDictionary.cpp, line 305]
Event: 40.307 Thread 0x000002375bb860d0 Exception <a 'java/lang/ClassNotFoundException'{0x000000008551e5b8}: com/aventstack/extentreports/reporter/configuration/ViewNameBeanInfo> (0x000000008551e5b8) 
thrown [s\open\src\hotspot\share\classfile\systemDictionary.cpp, line 305]
Event: 40.308 Thread 0x000002375bb860d0 Exception <a 'java/lang/ClassNotFoundException'{0x0000000085523bc8}: com/aventstack/extentreports/reporter/configuration/ViewNameCustomizer> (0x0000000085523bc8) 
thrown [s\open\src\hotspot\share\classfile\systemDictionary.cpp, line 305]
Event: 40.319 Thread 0x000002375bb860d0 Exception <a 'java/lang/ClassNotFoundException'{0x0000000085537e50}: com/aventstack/extentreports/model/context/NamedAttributeContextManagerBeanInfo> (0x0000000085537e50) 
thrown [s\open\src\hotspot\share\classfile\systemDictionary.cpp, line 305]
Event: 40.321 Thread 0x000002375bb860d0 Exception <a 'java/lang/ClassNotFoundException'{0x000000008553d968}: com/aventstack/extentreports/model/context/NamedAttributeContextManagerCustomizer> (0x000000008553d968) 
thrown [s\open\src\hotspot\share\classfile\systemDictionary.cpp, line 305]
Event: 40.388 Thread 0x000002375bb860d0 Exception <a 'java/lang/ClassNotFoundException'{0x00000000855ed060}: java/util/concurrent/ConcurrentHashMapBeanInfo> (0x00000000855ed060) 
thrown [s\open\src\hotspot\share\classfile\systemDictionary.cpp, line 305]
Event: 40.388 Thread 0x000002375bb860d0 Exception <a 'java/lang/ClassNotFoundException'{0x00000000855ee2c8}: java/util/AbstractMapBeanInfo> (0x00000000855ee2c8) 
thrown [s\open\src\hotspot\share\classfile\systemDictionary.cpp, line 305]
Event: 40.388 Thread 0x000002375bb860d0 Exception <a 'java/lang/ClassNotFoundException'{0x00000000855ef4f8}: java/util/AbstractMapCustomizer> (0x00000000855ef4f8) 
thrown [s\open\src\hotspot\share\classfile\systemDictionary.cpp, line 305]
Event: 40.390 Thread 0x000002375bb860d0 Exception <a 'java/lang/ClassNotFoundException'{0x00000000855f9e38}: java/util/concurrent/ConcurrentHashMapCustomizer> (0x00000000855f9e38) 
thrown [s\open\src\hotspot\share\classfile\systemDictionary.cpp, line 305]
Event: 40.429 Thread 0x000002375bb860d0 Exception <a 'java/lang/ClassNotFoundException'{0x000000008547f248}: com/aventstack/extentreports/model/TestBeanInfo> (0x000000008547f248) 
thrown [s\open\src\hotspot\share\classfile\systemDictionary.cpp, line 305]
Event: 40.430 Thread 0x000002375bb860d0 Exception <a 'java/lang/ClassNotFoundException'{0x00000000854840e8}: com/aventstack/extentreports/model/TestCustomizer> (0x00000000854840e8) 
thrown [s\open\src\hotspot\share\classfile\systemDictionary.cpp, line 305]
Event: 40.448 Thread 0x000002375bb860d0 Exception <a 'java/lang/ClassNotFoundException'{0x00000000854ccac8}: com/aventstack/extentreports/model/context/NamedAttributeContextBeanInfo> (0x00000000854ccac8) 
thrown [s\open\src\hotspot\share\classfile\systemDictionary.cpp, line 305]
Event: 40.450 Thread 0x000002375bb860d0 Exception <a 'java/lang/ClassNotFoundException'{0x00000000854d22e8}: com/aventstack/extentreports/model/context/NamedAttributeContextCustomizer> (0x00000000854d22e8) 
thrown [s\open\src\hotspot\share\classfile\systemDictionary.cpp, line 305]
Event: 40.454 Thread 0x000002375bb860d0 Exception <a 'java/lang/ClassNotFoundException'{0x00000000854e6d70}: com/aventstack/extentreports/model/CategoryBeanInfo> (0x00000000854e6d70) 
thrown [s\open\src\hotspot\share\classfile\systemDictionary.cpp, line 305]
Event: 40.456 Thread 0x000002375bb860d0 Exception <a 'java/lang/ClassNotFoundException'{0x00000000854ebf50}: com/aventstack/extentreports/model/NamedAttributeBeanInfo> (0x00000000854ebf50) 
thrown [s\open\src\hotspot\share\classfile\systemDictionary.cpp, line 305]
Event: 40.458 Thread 0x000002375bb860d0 Exception <a 'java/lang/ClassNotFoundException'{0x00000000854f1178}: com/aventstack/extentreports/model/NamedAttributeCustomizer> (0x00000000854f1178) 
thrown [s\open\src\hotspot\share\classfile\systemDictionary.cpp, line 305]
Event: 40.460 Thread 0x000002375bb860d0 Exception <a 'java/lang/ClassNotFoundException'{0x00000000854f9ae0}: com/aventstack/extentreports/model/CategoryCustomizer> (0x00000000854f9ae0) 
thrown [s\open\src\hotspot\share\classfile\systemDictionary.cpp, line 305]

VM Operations (20 events):
Event: 33.082 Executing VM operation: Cleanup done
Event: 34.088 Executing VM operation: Cleanup
Event: 34.088 Executing VM operation: Cleanup done
Event: 35.100 Executing VM operation: Cleanup
Event: 35.100 Executing VM operation: Cleanup done
Event: 37.114 Executing VM operation: Cleanup
Event: 37.114 Executing VM operation: Cleanup done
Event: 39.138 Executing VM operation: Cleanup
Event: 39.138 Executing VM operation: Cleanup done
Event: 39.549 Executing VM operation: G1CollectForAllocation
Event: 39.563 Executing VM operation: G1CollectForAllocation done
Event: 40.070 Executing VM operation: HandshakeAllThreads
Event: 40.071 Executing VM operation: HandshakeAllThreads done
Event: 40.072 Executing VM operation: HandshakeAllThreads
Event: 40.072 Executing VM operation: HandshakeAllThreads done
Event: 40.439 Executing VM operation: HandshakeAllThreads
Event: 40.440 Executing VM operation: HandshakeAllThreads done
Event: 40.465 Executing VM operation: G1CollectForAllocation
Event: 40.481 Executing VM operation: G1CollectForAllocation done
Event: 40.516 Executing VM operation: G1PauseRemark

Events (20 events):
Event: 40.527 Thread 0x00000237784e0fb0 flushing nmethod 0x000002376b81c490
Event: 40.527 Thread 0x00000237784e0fb0 flushing nmethod 0x000002376b80f690
Event: 40.527 Thread 0x00000237784e0fb0 flushing nmethod 0x000002376b818490
Event: 40.527 Thread 0x00000237784e0fb0 flushing nmethod 0x000002376b805a90
Event: 40.527 Thread 0x00000237784e0fb0 flushing nmethod 0x000002376b7fcd10
Event: 40.527 Thread 0x00000237784e0fb0 flushing nmethod 0x000002376b7e7910
Event: 40.527 Thread 0x00000237784e0fb0 flushing nmethod 0x000002376b7dd290
Event: 40.527 Thread 0x00000237784e0fb0 flushing nmethod 0x000002376b7db310
Event: 40.527 Thread 0x00000237784e0fb0 flushing nmethod 0x000002376b7d9610
Event: 40.527 Thread 0x00000237784e0fb0 flushing nmethod 0x000002376b7c4490
Event: 40.527 Thread 0x00000237784e0fb0 flushing nmethod 0x000002376b7c1790
Event: 40.527 Thread 0x00000237784e0fb0 flushing nmethod 0x000002376b7bf610
Event: 40.527 Thread 0x00000237784e0fb0 flushing nmethod 0x000002376b7a0f10
Event: 40.527 Thread 0x00000237784e0fb0 flushing nmethod 0x000002376b7a0910
Event: 40.527 Thread 0x00000237784e0fb0 flushing nmethod 0x000002376b78c390
Event: 40.527 Thread 0x00000237784e0fb0 flushing nmethod 0x000002376b78be90
Event: 40.527 Thread 0x00000237784e0fb0 flushing nmethod 0x000002376b78f690
Event: 40.527 Thread 0x00000237784e0fb0 flushing nmethod 0x000002376b768d10
Event: 40.527 Thread 0x00000237784e0fb0 flushing nmethod 0x000002376b75d090
Event: 40.527 Thread 0x00000237784e0fb0 flushing nmethod 0x000002376b710010


Dynamic libraries:
0x00007ff768230000 - 0x00007ff768240000 	C:\Program Files\Java\jdk-20\bin\javaw.exe
0x00007fff28cc0000 - 0x00007fff28f28000 	C:\WINDOWS\SYSTEM32\ntdll.dll
0x00007fff26a60000 - 0x00007fff26b29000 	C:\WINDOWS\System32\KERNEL32.DLL
0x00007fff26660000 - 0x00007fff26a58000 	C:\WINDOWS\System32\KERNELBASE.dll
0x00007fff263d0000 - 0x00007fff2651b000 	C:\WINDOWS\System32\ucrtbase.dll
0x00007fff0f3c0000 - 0x00007fff0f3d9000 	C:\Program Files\Java\jdk-20\bin\jli.dll
0x00007ffef3a80000 - 0x00007ffef3a9b000 	C:\Program Files\Java\jdk-20\bin\VCRUNTIME140.dll
0x00007fff27870000 - 0x00007fff27924000 	C:\WINDOWS\System32\ADVAPI32.dll
0x00007fff27930000 - 0x00007fff279d9000 	C:\WINDOWS\System32\msvcrt.dll
0x00007fff274b0000 - 0x00007fff27556000 	C:\WINDOWS\System32\sechost.dll
0x00007fff26eb0000 - 0x00007fff26fc8000 	C:\WINDOWS\System32\RPCRT4.dll
0x00007fff26cb0000 - 0x00007fff26e77000 	C:\WINDOWS\System32\USER32.dll
0x00007fff12a10000 - 0x00007fff12ca4000 	C:\WINDOWS\WinSxS\amd64_microsoft.windows.common-controls_6595b64144ccf1df_6.0.26100.7019_none_3e06ffa0e335b8a8\COMCTL32.dll
0x00007fff26170000 - 0x00007fff26197000 	C:\WINDOWS\System32\win32u.dll
0x00007fff27780000 - 0x00007fff277ab000 	C:\WINDOWS\System32\GDI32.dll
0x00007fff25e10000 - 0x00007fff25f3c000 	C:\WINDOWS\System32\gdi32full.dll
0x00007fff260c0000 - 0x00007fff26163000 	C:\WINDOWS\System32\msvcp_win.dll
0x00007fff1bb00000 - 0x00007fff1bb0b000 	C:\WINDOWS\SYSTEM32\VERSION.dll
0x00007fff27100000 - 0x00007fff27131000 	C:\WINDOWS\System32\IMM32.DLL
0x00007fff0f3b0000 - 0x00007fff0f3bc000 	C:\Program Files\Java\jdk-20\bin\vcruntime140_1.dll
0x00007ffecd010000 - 0x00007ffecd09e000 	C:\Program Files\Java\jdk-20\bin\msvcp140.dll
0x00007ffe6ebc0000 - 0x00007ffe6f858000 	C:\Program Files\Java\jdk-20\bin\server\jvm.dll
0x00007fff132d0000 - 0x00007fff13305000 	C:\WINDOWS\SYSTEM32\WINMM.dll
0x00007ffec0500000 - 0x00007ffec050a000 	C:\WINDOWS\SYSTEM32\WSOCK32.dll
0x00007fff28a50000 - 0x00007fff28ac4000 	C:\WINDOWS\System32\WS2_32.dll
0x00007fff24bd0000 - 0x00007fff24beb000 	C:\WINDOWS\SYSTEM32\kernel.appcore.dll
0x00007fff001c0000 - 0x00007fff001ca000 	C:\Program Files\Java\jdk-20\bin\jimage.dll
0x00007fff20560000 - 0x00007fff207a2000 	C:\WINDOWS\SYSTEM32\DBGHELP.DLL
0x00007fff28230000 - 0x00007fff285bb000 	C:\WINDOWS\System32\combase.dll
0x00007fff27140000 - 0x00007fff27217000 	C:\WINDOWS\System32\OLEAUT32.dll
0x00007fff00f30000 - 0x00007fff00f6c000 	C:\WINDOWS\SYSTEM32\dbgcore.DLL
0x00007fff265b0000 - 0x00007fff26655000 	C:\WINDOWS\System32\bcryptPrimitives.dll
0x00007fff1ccb0000 - 0x00007fff1ccbe000 	C:\Program Files\Java\jdk-20\bin\instrument.dll
0x00007ffef2e00000 - 0x00007ffef2e26000 	C:\Program Files\Java\jdk-20\bin\java.dll
0x00007ffec4570000 - 0x00007ffec4647000 	C:\Program Files\Java\jdk-20\bin\jsvml.dll
0x00007fff27ad0000 - 0x00007fff2821f000 	C:\WINDOWS\System32\SHELL32.dll
0x00007fff261a0000 - 0x00007fff2630b000 	C:\WINDOWS\System32\wintypes.dll
0x00007fff23a70000 - 0x00007fff242cd000 	C:\WINDOWS\SYSTEM32\windows.storage.dll
0x00007fff27660000 - 0x00007fff27752000 	C:\WINDOWS\System32\SHCORE.dll
0x00007fff279e0000 - 0x00007fff27a47000 	C:\WINDOWS\System32\shlwapi.dll
0x00007fff25d30000 - 0x00007fff25d59000 	C:\WINDOWS\SYSTEM32\profapi.dll
0x00007ffef2dc0000 - 0x00007ffef2dd8000 	C:\Program Files\Java\jdk-20\bin\zip.dll
0x00007ffef3480000 - 0x00007ffef3493000 	C:\Program Files\Java\jdk-20\bin\net.dll
0x00007fff1b540000 - 0x00007fff1b668000 	C:\WINDOWS\SYSTEM32\WINHTTP.dll
0x00007fff25140000 - 0x00007fff251ab000 	C:\WINDOWS\system32\mswsock.dll
0x00007ffef2de0000 - 0x00007ffef2df6000 	C:\Program Files\Java\jdk-20\bin\nio.dll
0x00007ffeff8d0000 - 0x00007ffeff8e0000 	C:\Program Files\Java\jdk-20\bin\verify.dll
0x00007fff1cca0000 - 0x00007fff1ccaa000 	C:\Program Files\Java\jdk-20\bin\management.dll
0x00007fff1cc40000 - 0x00007fff1cc4b000 	C:\Program Files\Java\jdk-20\bin\management_ext.dll
0x00007fff27230000 - 0x00007fff27238000 	C:\WINDOWS\System32\PSAPI.DLL
0x00007fff245e0000 - 0x00007fff24614000 	C:\WINDOWS\SYSTEM32\IPHLPAPI.DLL
0x00007fff27220000 - 0x00007fff2722a000 	C:\WINDOWS\System32\NSI.dll
0x00007fff1b840000 - 0x00007fff1b85e000 	C:\WINDOWS\SYSTEM32\dhcpcsvc6.DLL
0x00007fff1b1b0000 - 0x00007fff1b1d3000 	C:\WINDOWS\SYSTEM32\dhcpcsvc.DLL
0x00007fff24670000 - 0x00007fff2479c000 	C:\WINDOWS\SYSTEM32\DNSAPI.dll
0x00007ffefb090000 - 0x00007ffefb097000 	C:\Program Files\Java\jdk-20\bin\extnet.dll
0x00007fff25400000 - 0x00007fff2541b000 	C:\WINDOWS\SYSTEM32\CRYPTSP.dll
0x00007fff24b30000 - 0x00007fff24b6a000 	C:\WINDOWS\system32\rsaenh.dll
0x00007fff251f0000 - 0x00007fff2521b000 	C:\WINDOWS\SYSTEM32\USERENV.dll
0x00007fff25d00000 - 0x00007fff25d2a000 	C:\WINDOWS\SYSTEM32\bcrypt.dll
0x00007fff25420000 - 0x00007fff2542c000 	C:\WINDOWS\SYSTEM32\CRYPTBASE.dll
0x00007fff1b830000 - 0x00007fff1b83b000 	C:\Windows\System32\rasadhlp.dll
0x00007fff166f0000 - 0x00007fff16776000 	C:\WINDOWS\System32\fwpuclnt.dll
0x00007fff1f920000 - 0x00007fff1f9bf000 	C:\WINDOWS\system32\apphelp.dll
0x00007ffebf9a0000 - 0x00007ffebf9b8000 	C:\WINDOWS\system32\napinsp.dll
0x00007ffebf8a0000 - 0x00007ffebf8b2000 	C:\WINDOWS\System32\winrnr.dll
0x00007ffebf870000 - 0x00007ffebf892000 	C:\WINDOWS\system32\nlansp_c.dll
0x00007ffef9000000 - 0x00007ffef9016000 	C:\WINDOWS\system32\wshbth.dll
0x00007ffefcdd0000 - 0x00007ffefcdde000 	C:\Program Files\Java\jdk-20\bin\sunmscapi.dll
0x00007fff25f40000 - 0x00007fff260b7000 	C:\WINDOWS\System32\CRYPT32.dll
0x00007fff25620000 - 0x00007fff25650000 	C:\WINDOWS\SYSTEM32\ncrypt.dll
0x00007fff255d0000 - 0x00007fff2560f000 	C:\WINDOWS\SYSTEM32\NTASN1.dll
0x00007ffe8e300000 - 0x00007ffe8e308000 	C:\WINDOWS\system32\wshunix.dll

dbghelp: loaded successfully - version: 4.0.5 - missing functions: none
symbol engine: initialized successfully - sym options: 0x614 - pdb path: .;C:\Program Files\Java\jdk-20\bin;C:\WINDOWS\SYSTEM32;C:\WINDOWS\WinSxS\amd64_microsoft.windows.common-controls_6595b64144ccf1df_6.0.26100.7019_none_3e06ffa0e335b8a8;C:\Program Files\Java\jdk-20\bin\server

VM Arguments:
jvm_args: -ea -javaagent:C:\Users\LENOVO\.m2\repository\com\browserstack\browserstack-java-sdk\1.36.3\browserstack-java-sdk-1.36.3.jar -Dfile.encoding=UTF-8 -XX:+ShowCodeDetailsInExceptionMessages 
java_command: org.eclipse.jdt.internal.junit.runner.RemoteTestRunner -version 3 -port 58664 -testLoaderClass org.eclipse.jdt.internal.junit4.runner.JUnit4TestLoader -loaderpluginname org.eclipse.jdt.junit4.runtime -classNames TestRunner.testRunner
java_class_path (initial): C:\Users\LENOVO\eclipse-workspace\BddTest\target\test-classes;C:\Users\LENOVO\eclipse-workspace\BddTest\target\classes;C:\Users\LENOVO\.m2\repository\org\seleniumhq\selenium\selenium-java\4.11.0\selenium-java-4.11.0.jar;C:\Users\LENOVO\.m2\repository\org\seleniumhq\selenium\selenium-api\4.11.0\selenium-api-4.11.0.jar;C:\Users\LENOVO\.m2\repository\org\seleniumhq\selenium\selenium-chrome-driver\4.11.0\selenium-chrome-driver-4.11.0.jar;C:\Users\LENOVO\.m2\repository\com\google\auto\service\auto-service-annotations\1.0.1\auto-service-annotations-1.0.1.jar;C:\Users\LENOVO\.m2\repository\com\google\guava\guava\31.1-jre\guava-31.1-jre.jar;C:\Users\LENOVO\.m2\repository\com\google\guava\failureaccess\1.0.1\failureaccess-1.0.1.jar;C:\Users\LENOVO\.m2\repository\com\google\guava\listenablefuture\9999.0-empty-to-avoid-conflict-with-guava\listenablefuture-9999.0-empty-to-avoid-conflict-with-guava.jar;C:\Users\LENOVO\.m2\repository\com\google\code\findbugs\jsr305\3.0.2\jsr305-3.0.2.jar;C:\Users\LENOVO\.m2\repository\org\checkerframework\checker-qual\3.12.0\checker-qual-3.12.0.jar;C:\Users\LENOVO\.m2\repository\com\google\errorprone\error_prone_annotations\2.11.0\error_prone_annotations-2.11.0.jar;C:\Users\LENOVO\.m2\repository\com\google\j2objc\j2objc-annotations\1.3\j2objc-annotations-1.3.jar;C:\Users\LENOVO\.m2\repository\org\seleniumhq\selenium\selenium-chromium-driver\4.11.0\selenium-chromium-driver-4.11.0.jar;C:\Users\LENOVO\.m2\repository\org\seleniumhq\selenium\selenium-json\4.11.0\selenium-json-4.11.0.jar;C:\Users\LENOVO\.m2\repository\org\seleniumhq\selenium\selenium-manager\4.11.0\selenium-manager-4.11.0.jar;C:\Users\LENOVO\.m2\repository\org\seleniumhq\selenium\selenium-devtools-v113\4.11.0\selenium-devtools-v113-4.11.0.jar;C:\Users\LENOVO\.m2\repository\org\seleniumhq\selenium\selenium-devtools-v114\4.11.0\selenium-devtools-v114-4.11.0.jar;C:\Users\LENOVO\.m2\repository\org\seleniumhq\selenium\selenium-devtools-v115\4.11.0\selenium-devtools-v115-4.11.0.jar;C:\Users\LENOVO\.m2\repository\org\seleniumhq\selenium\selenium-devtools-v85\4.11.0\selenium-devtools-v85-4.11.0.jar;C:\Users\LENOVO\.m2\repository\org\seleniumhq\selenium\selenium-edge-driver\4.11.0\selenium-edge-driver-4.11.0.jar;C:\Users\LENOVO\.m2\repository\org\seleniumhq\selenium\selenium-firefox-driver\4.11.0\selenium-firefox-driver-4.11.0.jar;C:\Users\LENOVO\.m2\repository\org\seleniumhq\selenium\selenium-http\4.11.0\selenium-http-4.11.0.jar;C:\Users\LENOVO\.m2\repository\dev\failsafe\failsafe\3.3.1\failsafe-3.3.1.jar;C:\Users\LENOVO\.m2\repository\org\seleniumhq\selenium\selenium-ie-driver\4.11.0\selenium-ie-driver-4.11.0.jar;C:\Users\LENOVO\.m2\repository\org\seleniumhq\selenium\selenium-remote-driver\4.11.0\selenium-remote-driver-4.11.0.jar;C:\Users\LENOVO\.m2\repository\io\netty\netty-buffer\4.1.92.Final\netty-buffer-4.1.92.Final.jar;C:\Users\LENOVO\.m2\repository\io\netty\netty-codec-http\4.1.92.Final\netty-codec-http-4.1.92.Final.jar;C:\Users\LENOVO\.m2\repository\io\netty\netty-codec\4.1.92.Final\netty-codec-4.1.92.Final.jar;C:\Users\LENOVO\.m2\repository\io\netty\netty-handler\4.1.92.Final\netty-handler-4.1.92.Final.jar;C:\Users\LENOVO\.m2\repository\io\netty\netty-common\4.1.92.Final\netty-common-4.1.92.Final.jar;C:\Users\LENOVO\.m2\repository\io\netty\netty-transport-classes-epoll\4.1.92.Final\netty-transport-classes-epoll-4.1.92.Final.jar;C:\Users\LENOVO\.m2\repository\io\netty\netty-transport-classes-kqueue\4.1.92.Final\netty-transport-classes-kqueue-4.1.92.Final.jar;C:\Users\LENOVO\.m2\repository\io\netty\netty-transport-native-epoll\4.1.92.Final\netty-transport-native-epoll-4.1.92.Final.jar;C:\Users\LENOVO\.m2\repository\io\netty\netty-transport-native-kqueue\4.1.92.Final\netty-transport-native-kqueue-4.1.92.Final.jar;C:\Users\LENOVO\.m2\repository\io\netty\netty-transport-native-unix-common\4.1.92.Final\netty-transport-native-unix-common-4.1.92.Final.jar;C:\Users\LENOVO\.m2\repository\io\netty\netty-transport\4.1.92.Final\netty-transport-4.1.92.Final.jar;C:\Users\LENOVO\.m2\repository\io\netty\netty-resolver\4.1.92.Final\netty-resolver-4.1.92.Final.jar;C:\Users\LENOVO\.m2\repository\io\opentelemetry\opentelemetry-api\1.26.0\opentelemetry-api-1.26.0.jar;C:\Users\LENOVO\.m2\repository\io\opentelemetry\opentelemetry-context\1.26.0\opentelemetry-context-1.26.0.jar;C:\Users\LENOVO\.m2\repository\io\opentelemetry\opentelemetry-exporter-logging\1.26.0\opentelemetry-exporter-logging-1.26.0.jar;C:\Users\LENOVO\.m2\repository\io\opentelemetry\opentelemetry-sdk-metrics\1.26.0\opentelemetry-sdk-metrics-1.26.0.jar;C:\Users\LENOVO\.m2\repository\io\opentelemetry\opentelemetry-extension-incubator\1.26.0-alpha\opentelemetry-extension-incubator-1.26.0-alpha.jar;C:\Users\LENOVO\.m2\repository\io\opentelemetry\opentelemetry-sdk-logs\1.26.0-alpha\opentelemetry-sdk-logs-1.26.0-alpha.jar;C:\Users\LENOVO\.m2\repository\io\opentelemetry\opentelemetry-api-logs\1.26.0-alpha\opentelemetry-api-logs-1.26.0-alpha.jar;C:\Users\LENOVO\.m2\repository\io\opentelemetry\opentelemetry-api-events\1.26.0-alpha\opentelemetry-api-events-1.26.0-alpha.jar;C:\Users\LENOVO\.m2\repository\io\opentelemetry\opentelemetry-sdk-common\1.26.0\opentelemetry-sdk-common-1.26.0.jar;C:\Users\LENOVO\.m2\repository\io\opentelemetry\opentelemetry-sdk-extension-autoconfigure-spi\1.26.0\opentelemetry-sdk-extension-autoconfigure-spi-1.26.0.jar;C:\Users\LENOVO\.m2\repository\io\opentelemetry\opentelemetry-sdk-extension-autoconfigure\1.26.0-alpha\opentelemetry-sdk-extension-autoconfigure-1.26.0-alpha.jar;C:\Users\LENOVO\.m2\repository\io\opentelemetry\opentelemetry-sdk-trace\1.26.0\opentelemetry-sdk-trace-1.26.0.jar;C:\Users\LENOVO\.m2\repository\io\opentelemetry\opentelemetry-sdk\1.26.0\opentelemetry-sdk-1.26.0.jar;C:\Users\LENOVO\.m2\repository\io\opentelemetry\opentelemetry-semconv\1.26.0-alpha\opentelemetry-semconv-1.26.0-alpha.jar;C:\Users\LENOVO\.m2\repository\net\bytebuddy\byte-buddy\1.14.4\byte-buddy-1.14.4.jar;C:\Users\LENOVO\.m2\repository\org\apache\commons\commons-exec\1.3\commons-exec-1.3.jar;C:\Users\LENOVO\.m2\repository\org\asynchttpclient\async-http-client\2.12.3\async-http-client-2.12.3.jar;C:\Users\LENOVO\.m2\repository\org\asynchttpclient\async-http-client-netty-utils\2.12.3\async-http-client-netty-utils-2.12.3.jar;C:\Users\LENOVO\.m2\repository\io\netty\netty-codec-socks\4.1.60.Final\netty-codec-socks-4.1.60.Final.jar;C:\Users\LENOVO\.m2\repository\io\netty\netty-handler-proxy\4.1.60.Final\netty-handler-proxy-4.1.60.Final.jar;C:\Users\LENOVO\.m2\repository\io\netty\netty-transport-native-epoll\4.1.60.Final\netty-transport-native-epoll-4.1.60.Final-linux-x86_64.jar;C:\Users\LENOVO\.m2\repository\io\netty\netty-transport-native-kqueue\4.1.60.Final\netty-transport-native-kqueue-4.1.60.Final-osx-x86_64.jar;C:\Users\LENOVO\.m2\repository\com\typesafe\netty\netty-reactive-streams\2.0.4\netty-reactive-streams-2.0.4.jar;C:\Users\LENOVO\.m2\repository\com\sun\activation\jakarta.activation\1.2.2\jakarta.activation-1.2.2.jar;C:\Users\LENOVO\.m2\repository\org\seleniumhq\selenium\selenium-safari-driver\4.11.0\selenium-safari-driver-4.11.0.jar;C:\Users\LENOVO\.m2\repository\org\seleniumhq\selenium\selenium-support\4.11.0\selenium-support-4.11.0.jar;C:\Users\LENOVO\.m2\repository\junit\junit\4.13.2\junit-4.13.2.jar;C:\Users\LENOVO\.m2\repository\org\hamcrest\hamcrest-core\1.3\hamcrest-core-1.3.jar;C:\Users\LENOVO\.m2\repository\io\cucumber\cucumber-java\7.2.3\cucumber-java-7.2.3.jar;C:\Users\LENOVO\.m2\repository\io\cucumber\cucumber-core\7.2.3\cucumber-core-7.2.3.jar;C:\Users\LENOVO\.m2\repository\io\cucumber\cucumber-gherkin\7.2.3\cucumber-gherkin-7.2.3.jar;C:\Users\LENOVO\.m2\repository\io\cucumber\cucumber-gherkin-messages\7.2.3\cucumber-gherkin-messages-7.2.3.jar;C:\Users\LENOVO\.m2\repository\io\cucumber\messages\17.1.1\messages-17.1.1.jar;C:\Users\LENOVO\.m2\repository\io\cucumber\tag-expressions\4.1.0\tag-expressions-4.1.0.jar;C:\Users\LENOVO\.m2\repository\io\cucumber\cucumber-expressions\15.0.1\cucumber-expressions-15.0.1.jar;C:\Users\LENOVO\.m2\repository\io\cucumber\datatable\7.2.3\datatable-7.2.3.jar;C:\Users\LENOVO\.m2\repository\io\cucumber\cucumber-plugin\7.2.3\cucumber-plugin-7.2.3.jar;C:\Users\LENOVO\.m2\repository\io\cucumber\docstring\7.2.3\docstring-7.2.3.jar;C:\Users\LENOVO\.m2\repository\io\cucumber\html-formatter\17.0.0\html-formatter-17.0.0.jar;C:\Users\LENOVO\.m2\repository\io\cucumber\ci-environment\8.1.0\ci-environment-8.1.0.jar;C:\Users\LENOVO\.m2\repository\org\apiguardian\apiguardian-api\1.1.2\apiguardian-api-1.1.2.jar;C:\Users\LENOVO\.m2\repository\io\cucumber\cucumber-junit\7.2.3\cucumber-junit-7.2.3.jar;C:\Users\LENOVO\.m2\repository\com\aventstack\extentreports\5.1.1\extentreports-5.1.1.jar;C:\Users\LENOVO\.m2\repository\io\reactivex\rxjava3\rxjava\3.1.6\rxjava-3.1.6.jar;C:\Users\LENOVO\.m2\repository\org\reactivestreams\reactive-streams\1.0.4\reactive-streams-1.0.4.jar;C:\Users\LENOVO\.m2\repository\org\freemarker\freemarker\2.3.32\freemarker-2.3.32.jar;C:\Users\LENOVO\.m2\repository\org\projectlombok\lombok\1.18.26\lombok-1.18.26.jar;C:\Users\LENOVO\.m2\repository\com\google\code\gson\gson\2.10.1\gson-2.10.1.jar;C:\Users\LENOVO\.m2\repository\tech\grasshopper\extentreports-cucumber7-adapter\1.7.0\extentreports-cucumber7-adapter-1.7.0.jar;C:\Users\LENOVO\.m2\repository\tech\grasshopper\extent-pdf-report\2.7.0\extent-pdf-report-2.7.0.jar;C:\Users\LENOVO\.m2\repository\tech\grasshopper\cucumber-pdf-report\2.10.0\cucumber-pdf-report-2.10.0.jar;C:\Users\LENOVO\.m2\repository\org\apache\pdfbox\pdfbox\2.0.26\pdfbox-2.0.26.jar;C:\Users\LENOVO\.m2\repository\org\apache\pdfbox\fontbox\2.0.26\fontbox-2.0.26.jar;C:\Users\LENOVO\.m2\repository\org\knowm\xchart\xchart\3.8.0\xchart-3.8.0.jar;C:\Users\LENOVO\.m2\repository\de\erichseifert\vectorgraphics2d\VectorGraphics2D\0.13\VectorGraphics2D-0.13.jar;C:\Users\LENOVO\.m2\repository\de\rototor\pdfbox\graphics2d\0.30\graphics2d-0.30.jar;C:\Users\LENOVO\.m2\repository\com\madgag\animated-gif-lib\1.4\animated-gif-lib-1.4.jar;C:\Users\LENOVO\.m2\repository\org\yaml\snakeyaml\1.28\snakeyaml-1.28.jar;C:\Users\LENOVO\.m2\repository\tech\grasshopper\table-layout\1.5.1\table-layout-1.5.1.jar;C:\Users\LENOVO\.m2\repository\tech\grasshopper\rest-assured-cucumber-pdf-report\1.4.1\rest-assured-cucumber-pdf-report-1.4.1.jar;C:\Users\LENOVO\.m2\repository\org\jsoup\jsoup\1.14.3\jsoup-1.14.3.jar;C:\Users\LENOVO\.m2\repository\com\aventstack\klov-reporter\5.0.9\klov-reporter-5.0.9.jar;C:\Users\LENOVO\.m2\repository\org\mongodb\mongodb-driver\3.6.4\mongodb-driver-3.6.4.jar;C:\Users\LENOVO\.m2\repository\org\mongodb\mongodb-driver-core\3.6.4\mongodb-driver-core-3.6.4.jar;C:\Users\LENOVO\.m2\repository\org\mongodb\bson\3.6.4\bson-3.6.4.jar;C:\Users\LENOVO\.m2\repository\org\apache\httpcomponents\httpclient\4.5.13\httpclient-4.5.13.jar;C:\Users\LENOVO\.m2\repository\org\apache\httpcomponents\httpcore\4.4.13\httpcore-4.4.13.jar;C:\Users\LENOVO\.m2\repository\commons-logging\commons-logging\1.2\commons-logging-1.2.jar;C:\Users\LENOVO\.m2\repository\commons-codec\commons-codec\1.11\commons-codec-1.11.jar;C:\Users\LENOVO\.m2\repository\org\apache\httpcomponents\httpmime\4.5.13\httpmime-4.5.13.jar;C:\Users\LENOVO\.m2\repository\tech\grasshopper\htmlextentreporter\1.0.1\htmlextentreporter-1.0.1.jar;C:\Users\LENOVO\.m2\repository\commons-io\commons-io\2.11.0\commons-io-2.11.0.jar;C:\Users\LENOVO\.m2\repository\io\github\bonigarcia\webdrivermanager\5.3.2\webdrivermanager-5.3.2.jar;C:\Users\LENOVO\.m2\repository\org\slf4j\slf4j-api\2.0.6\slf4j-api-2.0.6.jar;C:\Users\LENOVO\.m2\repository\com\github\docker-java\docker-java\3.2.14\docker-java-3.2.14.jar;C:\Users\LENOVO\.m2\repository\com\github\docker-java\docker-java-core\3.2.14\docker-java-core-3.2.14.jar;C:\Users\LENOVO\.m2\repository\com\github\docker-java\docker-java-api\3.2.14\docker-java-api-3.2.14.jar;C:\Users\LENOVO\.m2\repository\com\fasterxml\jackson\core\jackson-annotations\2.10.3\jackson-annotations-2.10.3.jar;C:\Users\LENOVO\.m2\repository\org\apache\commons\commons-compress\1.21\commons-compress-1.21.jar;C:\Users\LENOVO\.m2\repository\com\fasterxml\jackson\core\jackson-databind\2.10.3\jackson-databind-2.10.3.jar;C:\Users\LENOVO\.m2\repository\com\fasterxml\jackson\core\jackson-core\2.10.3\jackson-core-2.10.3.jar;C:\Users\LENOVO\.m2\repository\org\bouncycastle\bcpkix-jdk15on\1.64\bcpkix-jdk15on-1.64.jar;C:\Users\LENOVO\.m2\repository\org\bouncycastle\bcprov-jdk15on\1.64\bcprov-jdk15on-1.64.jar;C:\Users\LENOVO\.m2\repository\org\slf4j\jcl-over-slf4j\1.7.30\jcl-over-slf4j-1.7.30.jar;C:\Users\LENOVO\.m2\repository\com\github\docker-java\docker-java-transport-httpclient5\3.2.14\docker-java-transport-httpclient5-3.2.14.jar;C:\Users\LENOVO\.m2\repository\com\github\docker-java\docker-java-transport\3.2.14\docker-java-transport-3.2.14.jar;C:\Users\LENOVO\.m2\repository\net\java\dev\jna\jna\5.12.1\jna-5.12.1.jar;C:\Users\LENOVO\.m2\repository\org\brotli\dec\0.1.2\dec-0.1.2.jar;C:\Users\LENOVO\.m2\repository\org\apache\commons\commons-lang3\3.12.0\commons-lang3-3.12.0.jar;C:\Users\LENOVO\.m2\repository\org\apache\httpcomponents\client5\httpclient5\5.2.1\httpclient5-5.2.1.jar;C:\Users\LENOVO\.m2\repository\org\apache\httpcomponents\core5\httpcore5\5.2\httpcore5-5.2.jar;C:\Users\LENOVO\.m2\repository\org\apache\httpcomponents\core5\httpcore5-h2\5.2\httpcore5-h2-5.2.jar;C:\Users\LENOVO\eclipse\java-2023-06\eclipse\configuration\org.eclipse.osgi\246\0\.cp;C:\Users\LENOVO\eclipse\java-2023-06\eclipse\configuration\org.eclipse.osgi\245\0\.cp
Launcher Type: SUN_STANDARD

[Global flags]
     intx CICompilerCount                          = 4                                         {product} {ergonomic}
     uint ConcGCThreads                            = 2                                         {product} {ergonomic}
     uint G1ConcRefinementThreads                  = 8                                         {product} {ergonomic}
   size_t G1HeapRegionSize                         = 1048576                                   {product} {ergonomic}
    uintx GCDrainStackTargetSize                   = 64                                        {product} {ergonomic}
   size_t InitialHeapSize                          = 132120576                                 {product} {ergonomic}
   size_t MarkStackSize                            = 4194304                                   {product} {ergonomic}
   size_t MaxHeapSize                              = 2111832064                                {product} {ergonomic}
   size_t MaxNewSize                               = 1266679808                                {product} {ergonomic}
   size_t MinHeapDeltaBytes                        = 1048576                                   {product} {ergonomic}
   size_t MinHeapSize                              = 8388608                                   {product} {ergonomic}
    uintx NonNMethodCodeHeapSize                   = 5839372                                {pd product} {ergonomic}
    uintx NonProfiledCodeHeapSize                  = 122909434                              {pd product} {ergonomic}
    uintx ProfiledCodeHeapSize                     = 122909434                              {pd product} {ergonomic}
    uintx ReservedCodeCacheSize                    = 251658240                              {pd product} {ergonomic}
     bool SegmentedCodeCache                       = true                                      {product} {ergonomic}
     bool ShowCodeDetailsInExceptionMessages       = true                                   {manageable} {command line}
   size_t SoftMaxHeapSize                          = 2111832064                             {manageable} {ergonomic}
     bool UseCompressedClassPointers               = true                           {product lp64_product} {ergonomic}
     bool UseCompressedOops                        = true                           {product lp64_product} {ergonomic}
     bool UseG1GC                                  = true                                      {product} {ergonomic}
     bool UseLargePagesIndividualAllocation        = false                                  {pd product} {ergonomic}

Logging:
Log output configuration:
 #0: stdout all=warning uptime,level,tags foldmultilines=false
 #1: stderr all=off uptime,level,tags foldmultilines=false

Environment Variables:
JAVA_HOME=C:\Program Files\Java\jdk-20
PATH=C:\Program Files\Common Files\Oracle\Java\javapath;C:\WINDOWS\system32;C:\WINDOWS;C:\WINDOWS\System32\Wbem;C:\WINDOWS\System32\WindowsPowerShell\v1.0\;C:\WINDOWS\System32\OpenSSH\;C:\Program Files\Java\jdk-20\bin;C:\Program Files\Git\cmd;C:\Program Files\MySQL\MySQL Server 8.0\bin;C:\Program Files\Maven\apache-maven-3.9.9\bin;C:\Program Files\nodejs\;C:\Users\LENOVO\AppData\Local\Microsoft\WindowsApps;C:\Users\LENOVO\AppData\Roaming\npm
USERNAME=DELL
OS=Windows_NT
PROCESSOR_IDENTIFIER=Intel64 Family 6 Model 142 Stepping 10, GenuineIntel
TMP=C:\Users\LENOVO\AppData\Local\Temp
TEMP=C:\Users\LENOVO\AppData\Local\Temp




---------------  S Y S T E M  ---------------

OS:
 Windows 11 , 64 bit Build 26100 (10.0.26100.7019)
OS uptime: 4 days 8:35 hours

CPU: total 8 (initial active 8) (4 cores per cpu, 2 threads per core) family 6 model 142 stepping 10 microcode 0xe0, cx8, cmov, fxsr, ht, mmx, 3dnowpref, sse, sse2, sse3, ssse3, sse4.1, sse4.2, popcnt, lzcnt, tsc, tscinvbit, avx, avx2, aes, erms, clmul, bmi1, bmi2, adx, fma, vzeroupper, clflush, clflushopt, rdtscp, f16c

Memory: 4k page, system-wide physical 8050M (567M free)
TotalPageFile size 23050M (AvailPageFile size 92M)
current process WorkingSet (physical memory assigned to process): 204M, peak: 204M
current process commit charge ("private bytes"): 306M, peak: 320M

vm_info: Java HotSpot(TM) 64-Bit Server VM (20.0.2+9-78) for windows-amd64 JRE (20.0.2+9-78), built on 2023-06-14T10:08:48Z by "mach5one" with MS VC++ 17.1 (VS2022)

END.
